\BOOKMARK [1][-]{section.2}{\376\377\000I\000n\000t\000r\000o\000d\000u\000c\000t\000i\000o\000n}{}% 1
\BOOKMARK [1][-]{section.19}{\376\377\000R\000e\000l\000a\000t\000e\000d\000\040\000W\000o\000r\000k}{}% 2
\BOOKMARK [1][-]{section.25}{\376\377\000T\000h\000e\000\040\000P\000E\000N\000\040\000S\000y\000n\000t\000h\000e\000s\000i\000s\000\040\000T\000r\000a\000j\000e\000c\000t\000o\000r\000y}{}% 3
\BOOKMARK [2][-]{subsection.26}{\376\377\000S\000y\000n\000t\000a\000c\000t\000i\000c\000\040\000S\000k\000e\000l\000e\000t\000o\000n\000s\000\040\000v\000s\000.\000\040\000S\000e\000m\000a\000n\000t\000i\000c\000\040\000I\000n\000t\000e\000r\000p\000r\000e\000t\000a\000t\000i\000o\000n}{section.25}% 4
\BOOKMARK [2][-]{subsection.33}{\376\377\000R\000e\000a\000d\000i\000n\000g\000\040\000t\000h\000e\000\040\000T\000a\000b\000l\000e}{section.25}% 5
\BOOKMARK [2][-]{subsection.38}{\376\377\000T\000h\000e\000\040\000E\000f\000f\000i\000c\000i\000e\000n\000c\000y\000\040\000P\000e\000a\000k}{section.25}% 6
\BOOKMARK [1][-]{section.39}{\376\377\000T\000h\000e\000\040\000M\000o\000d\000e\000l}{}% 7
\BOOKMARK [2][-]{subsection.40}{\376\377\000S\000t\000a\000t\000e\000\040\000a\000n\000d\000\040\000C\000a\000n\000d\000i\000d\000a\000t\000e\000s}{section.39}% 8
\BOOKMARK [2][-]{subsection.43}{\376\377\000T\000h\000e\000\040\000D\000u\000a\000l\000-\000C\000o\000s\000t\000\040\000M\000o\000d\000e\000l}{section.39}% 9
\BOOKMARK [2][-]{subsection.72}{\376\377\000N\000o\000v\000e\000l\000t\000y\000:\000\040\000G\000e\000n\000e\000r\000a\000t\000i\000v\000e\000\040\000C\000a\000p\000a\000c\000i\000t\000y}{section.39}% 10
\BOOKMARK [2][-]{subsection.90}{\376\377\000S\000e\000l\000e\000c\000t\000i\000o\000n\000\040\000D\000y\000n\000a\000m\000i\000c\000s}{section.39}% 11
\BOOKMARK [2][-]{subsection.94}{\376\377\000T\000h\000e\000\040\000F\000i\000v\000e\000\040\000A\000x\000i\000o\000m\000s}{section.39}% 12
\BOOKMARK [2][-]{subsection.111}{\376\377\000R\000e\000a\000l\000i\000z\000a\000t\000i\000o\000n\000\040\000T\000i\000m\000e}{section.39}% 13
\BOOKMARK [2][-]{subsection.113}{\376\377\000E\000x\000e\000c\000u\000t\000a\000b\000l\000e\000\040\000P\000E\000N\000\040\000L\000o\000o\000p}{section.39}% 14
\BOOKMARK [2][-]{subsection.120}{\376\377\000E\000x\000a\000c\000t\000-\000B\000a\000n\000d\000\040\000A\000t\000o\000m\000i\000c\000\040\000S\000e\000a\000r\000c\000h}{section.39}% 15
\BOOKMARK [1][-]{section.121}{\376\377\000C\000o\000h\000e\000r\000e\000n\000c\000e\000\040\000W\000i\000n\000d\000o\000w\000s}{}% 16
\BOOKMARK [2][-]{subsection.122}{\376\377\000I\000n\000d\000u\000c\000e\000d\000\040\000O\000b\000l\000i\000g\000a\000t\000i\000o\000n\000s}{section.121}% 17
\BOOKMARK [2][-]{subsection.129}{\376\377\000T\000h\000e\000o\000r\000e\000m\000\040\000A\000:\000\040\000E\000x\000t\000e\000n\000s\000i\000o\000n\000a\000l\000\040\000S\000y\000s\000t\000e\000m\000s\000\040\000\050\000d\000\040\000=\000\040\0001\000\051}{section.121}% 18
\BOOKMARK [2][-]{subsection.131}{\376\377\000T\000h\000e\000o\000r\000e\000m\000\040\000B\000:\000\040\000I\000n\000t\000e\000n\000s\000i\000o\000n\000a\000l\000\040\000S\000y\000s\000t\000e\000m\000s\000\040\000\050\000d\000\040\000=\000\040\0002\000\051}{section.121}% 19
\BOOKMARK [3][-]{subsubsection.133}{\376\377\000U\000p\000p\000e\000r\000\040\000B\000o\000u\000n\000d\000:\000\040\000d\000\040\000<\000=\000\040\0002}{subsection.131}% 20
\BOOKMARK [3][-]{subsubsection.137}{\376\377\000L\000o\000w\000e\000r\000\040\000B\000o\000u\000n\000d\000:\000\040\000d\000\040\000>\000=\000\040\0002}{subsection.131}% 21
\BOOKMARK [2][-]{subsection.140}{\376\377\000T\000h\000e\000\040\000A\000d\000j\000u\000n\000c\000t\000i\000o\000n\000\040\000D\000e\000p\000t\000h\000\040\000B\000a\000r\000r\000i\000e\000r}{section.121}% 22
\BOOKMARK [2][-]{subsection.145}{\376\377\000C\000o\000h\000o\000m\000o\000l\000o\000g\000i\000c\000a\000l\000\040\000U\000p\000p\000e\000r\000\040\000B\000o\000u\000n\000d\000:\000\040\000S\000p\000e\000c\000t\000r\000a\000l\000\040\000D\000e\000g\000e\000n\000e\000r\000a\000t\000i\000o\000n}{section.121}% 23
\BOOKMARK [2][-]{subsection.151}{\376\377\000T\000o\000p\000o\000l\000o\000g\000i\000c\000a\000l\000\040\000L\000o\000w\000e\000r\000\040\000B\000o\000u\000n\000d\000:\000\040\000T\000h\000e\000\040\000C\000l\000u\000t\000c\000h\000i\000n\000g\000\040\000F\000a\000m\000i\000l\000y}{section.121}% 24
\BOOKMARK [1][-]{section.154}{\376\377\000T\000h\000e\000\040\000C\000o\000m\000p\000l\000e\000x\000i\000t\000y\000\040\000S\000c\000a\000l\000i\000n\000g\000\040\000T\000h\000e\000o\000r\000e\000m}{}% 25
\BOOKMARK [2][-]{subsection.158}{\376\377\000S\000t\000a\000g\000n\000a\000t\000i\000o\000n\000\040\000o\000f\000\040\000C\000l\000a\000s\000s\000\040\0001\000\040\000S\000y\000s\000t\000e\000m\000s}{section.154}% 26
\BOOKMARK [2][-]{subsection.159}{\376\377\000A\000c\000c\000e\000l\000e\000r\000a\000t\000i\000o\000n\000\040\000o\000f\000\040\000C\000l\000a\000s\000s\000\040\0002\000\040\000S\000y\000s\000t\000e\000m\000s}{section.154}% 27
\BOOKMARK [1][-]{section.160}{\376\377\000T\000h\000e\000\040\000C\000o\000m\000b\000i\000n\000a\000t\000o\000r\000i\000a\000l\000\040\000N\000o\000v\000e\000l\000t\000y\000\040\000T\000h\000e\000o\000r\000e\000m}{}% 28
\BOOKMARK [2][-]{subsection.161}{\376\377\000O\000I\000T\000\040\000E\000x\000p\000o\000n\000e\000n\000t\000i\000a\000l\000i\000t\000y}{section.160}% 29
\BOOKMARK [2][-]{subsection.163}{\376\377\000H\000I\000T\000\040\000C\000o\000n\000s\000t\000r\000a\000i\000n\000t\000s}{section.160}% 30
\BOOKMARK [2][-]{subsection.165}{\376\377\000R\000e\000s\000t\000o\000r\000i\000n\000g\000\040\000S\000u\000p\000e\000r\000l\000i\000n\000e\000a\000r\000\040\000G\000r\000o\000w\000t\000h}{section.160}% 31
\BOOKMARK [2][-]{subsection.169}{\376\377\000C\000o\000m\000b\000i\000n\000a\000t\000o\000r\000i\000a\000l\000\040\000S\000c\000h\000e\000m\000a\000\040\000S\000y\000n\000t\000h\000e\000s\000i\000s}{section.160}% 32
\BOOKMARK [2][-]{subsection.176}{\376\377\000D\000i\000v\000e\000r\000g\000e\000n\000c\000e\000\040\000o\000f\000\040\000E\000f\000f\000i\000c\000i\000e\000n\000c\000y}{section.160}% 33
\BOOKMARK [2][-]{subsection.180}{\376\377\000W\000h\000y\000\040\000D\000i\000s\000c\000r\000e\000t\000e\000\040\000F\000a\000m\000i\000l\000i\000e\000s\000\040\000L\000o\000s\000e}{section.160}% 34
\BOOKMARK [2][-]{subsection.187}{\376\377\000T\000h\000e\000\040\000T\000a\000n\000g\000e\000n\000t\000\040\000T\000o\000p\000o\000s\000\040\000H\000y\000p\000o\000t\000h\000e\000s\000i\000s\000\040\000a\000n\000d\000\040\000t\000h\000e\000\040\000C\000o\000m\000b\000i\000n\000a\000t\000o\000r\000i\000a\000l\000\040\000S\000q\000u\000e\000e\000z\000e}{section.160}% 35
\BOOKMARK [1][-]{section.191}{\376\377\000T\000h\000e\000\040\000T\000e\000m\000p\000o\000r\000a\000l\000-\000C\000o\000h\000e\000s\000i\000v\000e\000\040\000S\000h\000e\000l\000l\000\040\000a\000s\000\040\000a\000\040\000T\000e\000r\000m\000i\000n\000a\000l\000\040\000S\000t\000r\000u\000c\000t\000u\000r\000a\000l\000\040\000F\000i\000x\000e\000d\000\040\000P\000o\000i\000n\000t}{}% 36
\BOOKMARK [2][-]{subsection.192}{\376\377\000W\000h\000y\000\040\000t\000h\000e\000\040\000T\000e\000m\000p\000o\000r\000a\000l\000-\000C\000o\000h\000e\000s\000i\000v\000e\000\040\000S\000h\000e\000l\000l\000\040\000I\000s\000\040\000a\000\040\000T\000e\000r\000m\000i\000n\000a\000l\000\040\000S\000i\000g\000n\000a\000l}{section.191}% 37
\BOOKMARK [2][-]{subsection.194}{\376\377\000C\000o\000n\000s\000o\000l\000i\000d\000a\000t\000e\000d\000\040\000D\000C\000T\000\040\000P\000r\000o\000p\000e\000r\000t\000y\000\040\000B\000u\000n\000d\000l\000e}{section.191}% 38
\BOOKMARK [2][-]{subsection.195}{\376\377\000M\000e\000c\000h\000a\000n\000i\000z\000e\000d\000\040\000S\000t\000e\000p\000-\0001\0005\000\040\000N\000o\000v\000e\000l\000t\000y\000\040\000A\000c\000c\000o\000u\000n\000t\000i\000n\000g}{section.191}% 39
\BOOKMARK [2][-]{subsection.196}{\376\377\000C\000a\000l\000i\000b\000r\000a\000t\000i\000o\000n\000\040\000F\000a\000c\000t\000s\000\040\000U\000s\000e\000d\000\040\000b\000y\000\040\000t\000h\000e\000\040\000D\000C\000T\000\040\000A\000n\000a\000l\000y\000s\000i\000s}{section.191}% 40
\BOOKMARK [1][-]{section.204}{\376\377\000C\000o\000m\000p\000u\000t\000a\000t\000i\000o\000n\000a\000l\000\040\000V\000e\000r\000i\000f\000i\000c\000a\000t\000i\000o\000n}{}% 41
\BOOKMARK [2][-]{subsection.205}{\376\377\000T\000h\000e\000\040\000R\000u\000s\000t\000\040\000A\000t\000o\000m\000i\000c\000\040\000E\000n\000g\000i\000n\000e}{section.204}% 42
\BOOKMARK [2][-]{subsection.216}{\376\377\000S\000c\000h\000e\000m\000a\000\040\000C\000a\000n\000o\000n\000i\000c\000a\000l\000i\000t\000y\000\040\000V\000e\000r\000i\000f\000i\000c\000a\000t\000i\000o\000n}{section.204}% 43
\BOOKMARK [2][-]{subsection.217}{\376\377\000U\000n\000i\000f\000o\000r\000m\000\040\000D\000i\000a\000g\000n\000o\000s\000t\000i\000c}{section.204}% 44
\BOOKMARK [2][-]{subsection.218}{\376\377\000M\000e\000t\000a\000-\000T\000h\000e\000o\000r\000e\000t\000i\000c\000\040\000R\000u\000l\000e\000\040\000A\000u\000d\000i\000t}{section.204}% 45
\BOOKMARK [2][-]{subsection.222}{\376\377\000D\000e\000t\000e\000r\000m\000i\000n\000i\000s\000m\000\040\000a\000n\000d\000\040\000C\000o\000m\000p\000a\000r\000i\000s\000o\000n\000\040\000L\000a\000n\000e\000s}{section.204}% 46
\BOOKMARK [2][-]{subsection.223}{\376\377\000C\000u\000b\000i\000c\000a\000l\000\040\000A\000g\000d\000a\000\040\000M\000e\000c\000h\000a\000n\000i\000z\000a\000t\000i\000o\000n}{section.204}% 47
\BOOKMARK [2][-]{subsection.225}{\376\377\000C\000o\000h\000e\000r\000e\000n\000c\000e\000\040\000W\000i\000n\000d\000o\000w\000\040\000S\000t\000r\000e\000s\000s\000-\000T\000e\000s\000t\000i\000n\000g}{section.204}% 48
\BOOKMARK [1][-]{section.226}{\376\377\000D\000i\000s\000c\000u\000s\000s\000i\000o\000n}{}% 49
\BOOKMARK [2][-]{subsection.227}{\376\377\000W\000h\000a\000t\000\040\000I\000s\000\040\000P\000r\000o\000v\000e\000d\000,\000\040\000W\000h\000a\000t\000\040\000I\000s\000\040\000A\000s\000s\000u\000m\000e\000d\000,\000\040\000W\000h\000a\000t\000\040\000I\000s\000\040\000O\000p\000e\000n}{section.226}% 50
\BOOKMARK [2][-]{subsection.232}{\376\377\000L\000i\000m\000i\000t\000a\000t\000i\000o\000n\000s}{section.226}% 51
\BOOKMARK [2][-]{subsection.237}{\376\377\000M\000a\000t\000h\000e\000m\000a\000t\000i\000c\000a\000l\000\040\000I\000m\000p\000l\000i\000c\000a\000t\000i\000o\000n\000s}{section.226}% 52
\BOOKMARK [2][-]{subsection.238}{\376\377\000F\000a\000l\000s\000i\000f\000i\000a\000b\000i\000l\000i\000t\000y}{section.226}% 53
\BOOKMARK [1][-]{section.242}{\376\377\000C\000o\000n\000c\000l\000u\000s\000i\000o\000n}{}% 54
\BOOKMARK [1][-]{appendix.248}{\376\377\000B\000o\000u\000n\000d\000a\000r\000y\000\040\000C\000a\000s\000e\000s\000\040\000a\000n\000d\000\040\000A\000l\000g\000o\000r\000i\000t\000h\000m\000i\000c\000\040\000L\000i\000m\000i\000t\000s}{}% 55
\BOOKMARK [2][-]{subsection.249}{\376\377\000A\000l\000g\000o\000r\000i\000t\000h\000m\000i\000c\000\040\000C\000r\000i\000t\000i\000c\000a\000l\000i\000t\000y}{appendix.248}% 56
\BOOKMARK [2][-]{subsection.251}{\376\377\000T\000h\000e\000\040\000A\000l\000g\000o\000r\000i\000t\000h\000m\000i\000c\000\040\000I\000n\000e\000f\000f\000i\000c\000i\000e\000n\000c\000y\000\040\000o\000f\000\040\000t\000h\000e\000\040\000D\000i\000s\000c\000r\000e\000t\000e}{appendix.248}% 57
\BOOKMARK [2][-]{subsection.252}{\376\377\000T\000h\000e\000\040\000U\000n\000i\000v\000a\000l\000e\000n\000t\000\040\000H\000o\000r\000i\000z\000o\000n}{appendix.248}% 58
\BOOKMARK [2][-]{subsection.255}{\376\377\000T\000h\000e\000\040\000D\000C\000T\000\040\000N\000o\000v\000e\000l\000t\000y\000\040\000C\000o\000u\000n\000t\000\040\000a\000n\000d\000\040\000A\000d\000j\000o\000i\000n\000t\000\040\000C\000o\000m\000p\000l\000e\000t\000i\000o\000n}{appendix.248}% 59
\BOOKMARK [1][-]{appendix.256}{\376\377\000A\000r\000t\000i\000f\000a\000c\000t\000\040\000M\000a\000p\000\040\000a\000n\000d\000\040\000R\000e\000p\000r\000o\000d\000u\000c\000t\000i\000o\000n\000\040\000C\000h\000e\000c\000k\000l\000i\000s\000t}{}% 60
\BOOKMARK [1][-]{appendix.265}{\376\377\000W\000o\000r\000k\000e\000d\000\040\000A\000r\000i\000t\000h\000m\000e\000t\000i\000c\000\040\000a\000n\000d\000\040\000R\000e\000j\000e\000c\000t\000e\000d\000\040\000C\000a\000n\000d\000i\000d\000a\000t\000e\000s}{}% 61
\BOOKMARK [2][-]{subsection.266}{\376\377\000W\000o\000r\000k\000e\000d\000\040\000a\000r\000i\000t\000h\000m\000e\000t\000i\000c\000\040\000f\000o\000r\000\040\000S\000t\000e\000p\000s\000\040\0005\040\023\0006}{appendix.265}% 62
\BOOKMARK [2][-]{subsection.267}{\376\377\000R\000e\000j\000e\000c\000t\000e\000d\000\040\000c\000a\000n\000d\000i\000d\000a\000t\000e\000s}{appendix.265}% 63
\BOOKMARK [1][-]{appendix.271}{\376\377\000D\000C\000T\000:\000\040\000K\000e\000y\000\040\000T\000h\000e\000o\000r\000e\000m\000s\000\040\000a\000n\000d\000\040\000D\000e\000r\000i\000v\000e\000d\000\040\000C\000o\000n\000s\000t\000r\000u\000c\000t\000i\000o\000n\000\040\000F\000a\000m\000i\000l\000i\000e\000s}{}% 64
\BOOKMARK [2][-]{subsection.272}{\376\377\000I\000n\000t\000e\000r\000n\000a\000l\000\040\000T\000a\000n\000g\000e\000n\000t\000\040\000B\000u\000n\000d\000l\000e}{appendix.271}% 65
\BOOKMARK [2][-]{subsection.274}{\376\377\000T\000e\000m\000p\000o\000r\000a\000l\000\040\000E\000v\000o\000l\000u\000t\000i\000o\000n}{appendix.271}% 66
\BOOKMARK [2][-]{subsection.276}{\376\377\000S\000y\000m\000p\000l\000e\000c\000t\000i\000c\000\040\000F\000l\000o\000w\000\040\000C\000o\000r\000o\000l\000l\000a\000r\000y}{appendix.271}% 67
\BOOKMARK [2][-]{subsection.279}{\376\377\000R\000e\000p\000r\000e\000s\000e\000n\000t\000a\000t\000i\000v\000e\000\040\000F\000o\000r\000m\000a\000l\000i\000z\000a\000t\000i\000o\000n\000\040\000F\000a\000m\000i\000l\000i\000e\000s}{appendix.271}% 68
\BOOKMARK [2][-]{subsection.280}{\376\377\000R\000e\000l\000a\000t\000i\000o\000n\000\040\000t\000o\000\040\000E\000x\000i\000s\000t\000i\000n\000g\000\040\000F\000r\000a\000m\000e\000w\000o\000r\000k\000s}{appendix.271}% 69
\BOOKMARK [2][-]{subsection.281}{\376\377\000S\000e\000m\000a\000n\000t\000i\000c\000\040\000A\000u\000d\000i\000t\000\040\000o\000f\000\040\000D\000C\000T\000\040\000N\000o\000v\000e\000l\000t\000y}{appendix.271}% 70
\BOOKMARK [1][-]{appendix.287}{\376\377\000P\000o\000s\000t\000-\000H\000o\000c\000\040\000S\000e\000m\000a\000n\000t\000i\000c\000\040\000I\000n\000t\000e\000r\000p\000r\000e\000t\000a\000t\000i\000o\000n\000s\000\040\000o\000f\000\040\000A\000S\000T\000\040\000S\000k\000e\000l\000e\000t\000o\000n\000s\000\040\000\050\000S\000t\000e\000p\000s\000\040\0001\0000\040\023\0001\0004\000\051}{}% 71
\BOOKMARK [2][-]{subsection.289}{\376\377\000S\000t\000e\000p\000\040\0001\0000\000:\000\040\000C\000o\000h\000e\000s\000i\000o\000n\000\040\000\050\000A\000d\000j\000o\000i\000n\000t\000\040\000Q\000u\000a\000d\000r\000u\000p\000l\000e\000\040\000o\000f\000\040\000M\000o\000d\000a\000l\000i\000t\000i\000e\000s\000\051}{appendix.287}% 72
\BOOKMARK [2][-]{subsection.292}{\376\377\000S\000t\000e\000p\000\040\0001\0001\000:\000\040\000C\000o\000n\000n\000e\000c\000t\000i\000o\000n\000s\000\040\000\050\000n\000a\000b\000l\000a\000\040\000o\000n\000\040\000C\000o\000h\000e\000s\000i\000v\000e\000\040\000T\000y\000p\000e\000s\000\051}{appendix.287}% 73
\BOOKMARK [2][-]{subsection.296}{\376\377\000S\000t\000e\000p\000\040\0001\0002\000:\000\040\000C\000u\000r\000v\000a\000t\000u\000r\000e\000\040\000\050\000R\000\040\000=\000\040\000d\000\040\000n\000a\000b\000l\000a\000\040\000+\000\040\000n\000a\000b\000l\000a\000\040\000w\000e\000d\000g\000e\000\040\000n\000a\000b\000l\000a\000\051}{appendix.287}% 74
\BOOKMARK [2][-]{subsection.300}{\376\377\000S\000t\000e\000p\000\040\0001\0003\000:\000\040\000E\000n\000d\000o\000m\000o\000r\000p\000h\000i\000c\000\040\000O\000p\000e\000r\000a\000t\000o\000r\000\040\000B\000u\000n\000d\000l\000e\000\040\000\050\000m\000e\000t\000r\000i\000c\000-\000e\000q\000u\000i\000v\000a\000l\000e\000n\000t\000\040\000r\000e\000a\000d\000i\000n\000g\000\051}{appendix.287}% 75
\BOOKMARK [2][-]{subsection.307}{\376\377\000S\000t\000e\000p\000\040\0001\0004\000:\000\040\000H\000i\000l\000b\000e\000r\000t\000\040\000F\000u\000n\000c\000t\000i\000o\000n\000a\000l\000\040\000\050\000O\000p\000e\000r\000a\000t\000o\000r\000\040\000A\000l\000g\000e\000b\000r\000a\000\051}{appendix.287}% 76
\BOOKMARK [1][-]{appendix.312}{\376\377\000T\000h\000e\000\040\000M\000B\000T\000T\000\040\000E\000n\000c\000o\000d\000i\000n\000g\000\040\000A\000u\000d\000i\000t}{}% 77
\BOOKMARK [2][-]{subsection.313}{\376\377\000F\000u\000l\000l\000\040\000A\000u\000d\000i\000t\000:\000\040\000C\000l\000a\000u\000s\000e\000\040\000C\000o\000u\000n\000t\000s\000\040\000v\000s\000.\000\040\000M\000B\000T\000T\000\040\000B\000i\000t\000-\000L\000e\000n\000g\000t\000h\000s}{appendix.312}% 78
\BOOKMARK [2][-]{subsection.316}{\376\377\000P\000e\000r\000-\000C\000l\000a\000u\000s\000e\000\040\000B\000r\000e\000a\000k\000d\000o\000w\000n\000:\000\040\000S\000t\000e\000p\000s\000\040\0001\0003\040\023\0001\0005}{appendix.312}% 79
\BOOKMARK [2][-]{subsection.323}{\376\377\000C\000a\000n\000o\000n\000i\000c\000a\000l\000i\000t\000y\000\040\000o\000f\000\040\000t\000h\000e\000\040\000E\000n\000c\000o\000d\000i\000n\000g}{appendix.312}% 80
\BOOKMARK [2][-]{subsection.327}{\376\377\000S\000e\000a\000r\000c\000h\000-\000S\000p\000a\000c\000e\000\040\000T\000r\000a\000c\000t\000a\000b\000i\000l\000i\000t\000y\000\040\000a\000n\000d\000\040\000S\000t\000r\000i\000c\000t\000\040\000R\000e\000c\000o\000v\000e\000r\000y}{appendix.312}% 81
\BOOKMARK [1][-]{appendix.335}{\376\377\000A\000\040\000D\000e\000t\000a\000i\000l\000e\000d\000\040\000P\000r\000o\000o\000f\000\040\000o\000f\000\040\000t\000h\000e\000\040\0001\0005\000-\000S\000t\000e\000p\000\040\000G\000e\000n\000e\000s\000i\000s\000\040\000S\000e\000q\000u\000e\000n\000c\000e}{}% 82
\BOOKMARK [2][-]{subsection.336}{\376\377\000P\000r\000o\000o\000f\000\040\000C\000o\000n\000t\000r\000a\000c\000t}{appendix.335}% 83
\BOOKMARK [2][-]{subsection.341}{\376\377\000A\000\040\000G\000l\000o\000b\000a\000l\000\040\000B\000a\000r\000\040\000L\000e\000m\000m\000a}{appendix.335}% 84
\BOOKMARK [2][-]{subsection.345}{\376\377\000B\000o\000o\000t\000s\000t\000r\000a\000p\000:\000\040\000S\000t\000e\000p\000s\000\040\0001\040\023\0004}{appendix.335}% 85
\BOOKMARK [2][-]{subsection.350}{\376\377\000G\000e\000o\000m\000e\000t\000r\000i\000c\000\040\000A\000s\000c\000e\000n\000t\000:\000\040\000S\000t\000e\000p\000s\000\040\0005\040\023\0009}{appendix.335}% 86
\BOOKMARK [2][-]{subsection.356}{\376\377\000F\000r\000a\000m\000e\000w\000o\000r\000k\000\040\000A\000b\000s\000t\000r\000a\000c\000t\000i\000o\000n\000:\000\040\000S\000t\000e\000p\000s\000\040\0001\0000\040\023\0001\0004}{appendix.335}% 87
\BOOKMARK [2][-]{subsection.362}{\376\377\000T\000e\000r\000m\000i\000n\000a\000l\000\040\000S\000y\000n\000t\000h\000e\000s\000i\000s\000:\000\040\000S\000t\000e\000p\000\040\0001\0005}{appendix.335}% 88
\BOOKMARK [2][-]{subsection.364}{\376\377\000C\000o\000n\000c\000l\000u\000s\000i\000o\000n\000\040\000o\000f\000\040\000t\000h\000e\000\040\000S\000t\000e\000p\000-\000b\000y\000-\000S\000t\000e\000p\000\040\000P\000r\000o\000o\000f}{appendix.335}% 89
